// Jest Snapshot v1, https://goo.gl/fbAQLP

exports[`HeaderMobileNav renders the UI snapshot correctly 1`] = `
<div
  className="css-0"
>
  <div
    className="css-k008qs"
  >
    <div
      className="css-0"
    >
      <svg
        aria-hidden={false}
        aria-label="NYPL Header Logo"
        className="chakra-icon css-1vgifmd"
        fill="none"
        focusable={false}
        role="img"
        viewBox="0 0 201 165"
        xmlns="http://www.w3.org/2000/svg"
      >
        <title>
          NYPL Header Logo
        </title>
        <path
          d="M1.661 3.034h3.03l22.094 32.05V3.034h2.865v37.07h-2.81L4.526 7.834v32.27h-2.81V3.034h-.055Z"
          fill="#fff"
        />
        <path
          clipRule="evenodd"
          d="M46.895 12.963c-7.052 0-11.405 6.124-11.405 13.626 0 7.613 3.747 14.122 11.901 14.122 3.22.07 6.381-.876 9.036-2.703l-1.212-2.262a13.06 13.06 0 0 1-7.659 2.483c-6.39 0-8.925-5.572-8.98-11.64v-.607h18.292c.55-7.557-3.196-13.018-9.973-13.018Zm-.11 2.538c5.069 0 7.107 4.082 7.163 8.11H38.74c.771-4.524 3.416-8.11 8.044-8.11Z"
          fill="#fff"
          fillRule="evenodd"
        />
        <path
          d="M59.953 13.57h3.14l6.447 22.121 6.942-22.12h2.81l6.942 22.175 6.502-22.176h2.92l-7.99 26.59h-2.644l-7.163-22.397-7.162 22.396h-2.645L59.953 13.57ZM121.22 26.148 108.824 3.034h3.471l10.523 20.024h.11l10.524-20.024h3.14l-12.341 23.114v13.956h-3.031V26.148Z"
          fill="#fff"
        />
        <path
          clipRule="evenodd"
          d="M145.959 12.963c-8.32 0-11.901 7.227-11.901 13.902 0 6.675 3.581 13.846 11.956 13.846 8.319 0 12.121-7.282 12.121-13.956 0-6.62-3.857-13.791-12.176-13.791Zm-.166 2.483c6.061 0 9.257 5.461 9.257 11.419 0 6.013-2.92 11.364-9.036 11.364-6.006 0-8.981-5.462-8.981-11.474 0-5.958 2.755-11.31 8.76-11.31Z"
          fill="#fff"
          fillRule="evenodd"
        />
        <path
          d="M163.7 13.57h2.92v4.634c.992-1.93 3.416-5.24 7.107-5.24a7.192 7.192 0 0 1 2.535.44l-.717 2.704a5.47 5.47 0 0 0-2.148-.386c-3.692 0-6.061 4.358-6.777 5.902v18.48h-2.92V13.57Z"
          fill="#fff"
        />
        <path
          clipRule="evenodd"
          d="M184.471 0h-2.865v40.104h2.865V0Zm11.901 13.57-11.626 11.64 12.232 14.95h3.636l-12.341-14.95 11.735-11.64h-3.636ZM9.76 58.86H1.661v37.125h3.086V80.208H9.43c8.374 0 13.003-4.192 13.003-10.867 0-6.62-4.904-10.481-12.673-10.481Zm9.587 10.591c0 4.855-2.92 8.11-9.972 8.11v.055H4.747V61.508h4.738c7.107 0 9.862 3.31 9.862 7.943Z"
          fill="#fff"
          fillRule="evenodd"
        />
        <path
          d="M27.116 88.152V69.396h2.92v18.15c0 3.916 1.377 6.398 5.454 6.398 3.967 0 7.218-3.75 8.1-5.296V69.397h2.865v21.459a22.79 22.79 0 0 0 .495 5.13h-2.975a28.995 28.995 0 0 1-.385-4.358c-1.268 1.986-4.298 4.965-8.816 4.965-5.454-.055-7.658-3.696-7.658-8.44Z"
          fill="#fff"
        />
        <path
          clipRule="evenodd"
          d="M53.727 55.826V94.55c1.819 1.214 4.794 1.986 7.934 1.93 8.1 0 13.113-6.509 13.113-13.956 0-7.723-3.691-13.79-11.24-13.79a9.506 9.506 0 0 0-6.942 3.088V55.826h-2.865Zm9.312 15.556c6.501 0 8.705 5.517 8.705 11.309 0 5.516-3.25 11.364-9.973 11.364a12.106 12.106 0 0 1-5.179-1.049v-18.59a9.372 9.372 0 0 1 6.447-3.034Z"
          fill="#fff"
          fillRule="evenodd"
        />
        <path
          d="M80.725 55.826h2.92V95.93h-2.92V55.826Z"
          fill="#fff"
        />
        <path
          clipRule="evenodd"
          d="M92.603 59.597a2.18 2.18 0 0 0-1.08 1.91 2.176 2.176 0 1 0 4.353 0 2.18 2.18 0 0 0-1.08-1.91 2.174 2.174 0 0 0-2.193 0Zm2.612 9.744H92.24v26.59h2.975V69.34Z"
          fill="#fff"
          fillRule="evenodd"
        />
        <path
          d="M100.78 82.636c0-8.385 4.848-13.846 11.68-13.846 3.967 0 6.446 1.489 7.879 2.758l-1.488 2.096a9.56 9.56 0 0 0-6.446-2.372c-5.895 0-8.54 5.13-8.54 11.253 0 5.903 2.589 11.53 8.485 11.53 2.465.019 4.86-.82 6.777-2.373l1.267 2.152c-1.433 1.269-4.243 2.703-8.209 2.703-7.659 0-11.405-6.785-11.405-13.901ZM.89 151.756v-37.07h7.878v30.726h13.774v6.344H.89Z"
          fill="#fff"
        />
        <path
          clipRule="evenodd"
          d="M28.936 119.798c.85.84 2 1.303 3.193 1.287a4.41 4.41 0 0 0 3.955-2.158 4.421 4.421 0 0 0 0-4.51 4.408 4.408 0 0 0-3.955-2.158 4.397 4.397 0 0 0-3.17 1.231 4.408 4.408 0 0 0-1.348 3.127 4.465 4.465 0 0 0 1.325 3.181Zm-.498 4.817v27.141h7.438v-27.141h-7.438ZM49.815 126.767v-15.115h-7.383v38.615c1.268.606 5.014 2.151 11.13 2.151 8.154 0 14.38-5.13 14.38-14.398 0-9.322-4.738-14.011-11.515-14.011a9.71 9.71 0 0 0-6.612 2.758Zm3.747 19.859a10.481 10.481 0 0 1-3.747-.607v-14.122a6.53 6.53 0 0 1 4.573-2.041c4.022 0 5.73 3.089 5.73 8.164 0 5.517-2.424 8.606-6.556 8.606Z"
          fill="#fff"
          fillRule="evenodd"
        />
        <path
          d="M88.713 131.125a5.293 5.293 0 0 0-2.865-.607c-3.305 0-5.234 2.924-5.895 4.137v17.101H72.57v-27.141h7.383v3.696c1.157-1.986 3.416-4.358 6.832-4.358 1.983 0 3.085.387 3.691.718l-1.763 6.454Z"
          fill="#fff"
        />
        <path
          clipRule="evenodd"
          d="M107.887 148.832c.049.987.197 1.967.441 2.924v-.055h7.272a36.427 36.427 0 0 1-.771-7.999v-9.764c0-7.226-3.526-10.04-10.909-10.04-5.785 0-9.366 2.483-10.964 3.917l3.25 4.523a11.357 11.357 0 0 1 6.888-2.537c3.471 0 4.407 1.489 4.407 3.806v1.545h-.936c-7.163 0-14.436 2.592-14.436 9.653 0 4.855 3.527 7.613 8.155 7.613a10.045 10.045 0 0 0 7.603-3.586Zm-1.377-9.102H107.501v4.91a6.712 6.712 0 0 1-5.013 2.372c-1.708 0-3.306-.828-3.306-2.813 0-3.2 2.975-4.469 7.328-4.469Z"
          fill="#fff"
          fillRule="evenodd"
        />
        <path
          d="M136.868 131.125a5.203 5.203 0 0 0-2.81-.607c-3.306 0-5.234 2.924-5.896 4.137v17.101h-7.382v-27.141h7.382v3.696c1.157-1.986 3.416-4.358 6.832-4.358 1.984 0 3.086.387 3.692.718l-1.818 6.454ZM141.331 124.615h7.878l6.006 17.874h.275l5.51-17.874h7.603l-11.184 30.01c-2.369 6.399-5.234 10.15-12.617 10.15a14.864 14.864 0 0 1-4.188-.497l1.047-5.847a8.47 8.47 0 0 0 2.59.276c3.801 0 5.124-1.821 6.17-4.744l.992-2.759-10.082-26.589Z"
          fill="#fff"
        />
      </svg>
    </div>
    <div
      className="css-17xejub"
    />
    <nav
      aria-label="Header mobile links"
    >
      <ul
        className="css-1xdhyk6"
        id="header-mobile-nav"
      >
        <li>
          <a
            className="css-1xdhyk6"
            href="https://www.nypl.org/books-music-movies"
            onClick={[Function]}
            rel={null}
            target={null}
          >
            Books/Music/Movies
          </a>
        </li>
        <li>
          <a
            className="css-1xdhyk6"
            href="https://www.nypl.org/research"
            onClick={[Function]}
            rel={null}
            target={null}
          >
            Research
          </a>
        </li>
        <li>
          <a
            className="css-1xdhyk6"
            href="https://www.nypl.org/education"
            onClick={[Function]}
            rel={null}
            target={null}
          >
            Education
          </a>
        </li>
        <li>
          <a
            className="css-1xdhyk6"
            href="https://www.nypl.org/events"
            onClick={[Function]}
            rel={null}
            target={null}
          >
            Events
          </a>
        </li>
        <li>
          <a
            className="css-1xdhyk6"
            href="https://www.nypl.org/connect"
            onClick={[Function]}
            rel={null}
            target={null}
          >
            Connect
          </a>
        </li>
        <li>
          <a
            className="css-1xdhyk6"
            href="https://www.nypl.org/give"
            onClick={[Function]}
            rel={null}
            target={null}
          >
            Give
          </a>
        </li>
        <li>
          <a
            className="css-1xdhyk6"
            href="https://www.nypl.org/get-help"
            onClick={[Function]}
            rel={null}
            target={null}
          >
            Get Help
          </a>
        </li>
      </ul>
    </nav>
  </div>
  <div
    className="css-wcncoc"
    data-testid="bottomLinks"
  >
    <a
      className="css-g8syzw"
      href="https://www.nypl.org/library-card/new"
      onClick={[Function]}
      rel={null}
      target={null}
    >
      <svg
        aria-hidden={true}
        className="chakra-icon css-1k5hm9w"
        focusable={false}
        role="img"
        viewBox="0 0 68 68"
        xmlns="http://www.w3.org/2000/svg"
      >
        <title>
          decorativeLibraryCard icon
        </title>
        <path
          d="M61.215 57.013H6.786A6.795 6.795 0 0 1 0 50.223V17.776a6.795 6.795 0 0 1 6.787-6.787h54.428A6.795 6.795 0 0 1 68 17.776v32.45a6.794 6.794 0 0 1-6.785 6.786v.001ZM6.786 14.28a3.5 3.5 0 0 0-3.494 3.495v32.45a3.5 3.5 0 0 0 3.496 3.495h54.428a3.5 3.5 0 0 0 3.494-3.496v-32.45a3.5 3.5 0 0 0-3.494-3.495l-54.43.001Z"
        />
        <path
          d="M52.326 24.367h-13.19a1.569 1.569 0 1 1 0-3.136h13.19a1.568 1.568 0 0 1 0 3.136Zm0 5.891h-13.19a1.569 1.569 0 1 1 0-3.136h13.19a1.57 1.57 0 0 1 1.134 2.69 1.568 1.568 0 0 1-1.134.446Zm0 5.892h-13.19a1.569 1.569 0 0 1 0-3.138h13.19a1.569 1.569 0 1 1 0 3.138ZM20.65 24.16c.922 0 1.701 1.038 1.701 2.266 0 1.227-.78 2.264-1.7 2.264-.92 0-1.702-1.037-1.702-2.264 0-1.228.78-2.266 1.701-2.266Zm0-2.858c-2.386 0-4.322 2.293-4.322 5.124 0 2.83 1.936 5.123 4.322 5.123 2.387 0 4.322-2.294 4.322-5.123 0-2.83-1.935-5.124-4.322-5.124Zm-.062 12.322c-2.18.031-4.354.22-6.506.564a2.604 2.604 0 0 0-1.999 1.658l-2.077 5.42a2.567 2.567 0 0 0 2.39 3.501h3.774a1.648 1.648 0 1 0 0-3.296l-2.697-.042 1.531-3.998a41.293 41.293 0 0 1 5.584-.511c1.834.022 3.664.172 5.477.45l1.572 4.101h-2.658a1.648 1.648 0 0 0 0 3.295h3.772a2.568 2.568 0 0 0 2.39-3.506l-2.13-5.415a2.684 2.684 0 0 0-2.036-1.67 43.533 43.533 0 0 0-6.386-.55h-.001Z"
        />
      </svg>
      Get A Library Card
    </a>
    <a
      className="css-1i5qkun"
      href="https://pages.email.nypl.org/page.aspx?QS=3935619f7de112ef7250fe02b84fb2f9ab74e4ea015814b7"
      onClick={[Function]}
      rel={null}
      target={null}
    >
      <svg
        aria-hidden={true}
        className="chakra-icon css-1k5hm9w"
        focusable={false}
        role="img"
        viewBox="0 0 68 68"
        xmlns="http://www.w3.org/2000/svg"
      >
        <title>
          decorativeEnvelope icon
        </title>
        <path
          d="M65.24 60.145H2.76A2.747 2.747 0 0 1 0 57.412V10.585a2.744 2.744 0 0 1 2.76-2.73h62.48a2.746 2.746 0 0 1 2.76 2.73v46.828a2.746 2.746 0 0 1-2.76 2.73v.002ZM5.52 54.682h56.96V13.315H5.52v41.367Z"
        />
        <path
          d="M34 43.281c-.604 0-1.19-.2-1.666-.57L15.433 29.607a2.728 2.728 0 0 1 3.332-4.32L34 37.1l15.234-11.813a2.727 2.727 0 1 1 3.332 4.32l-16.9 13.103c-.477.37-1.063.571-1.666.571Z"
        />
      </svg>
      Get Email Updates
    </a>
    <a
      className="css-1hbu0qa"
      href="https://shop.nypl.org/?utm_campaign=NYPLHeaderButton&utm_source=nypl.org&utm_medium=referral"
      onClick={[Function]}
      rel={null}
      target={null}
    >
      <svg
        aria-hidden={true}
        className="chakra-icon css-1k5hm9w"
        focusable={false}
        role="img"
        viewBox="0 0 68 68"
        xmlns="http://www.w3.org/2000/svg"
      >
        <title>
          decorativeShoppingBag icon
        </title>
        <path
          d="M60.466 59.097 53.194 21.34a7.936 7.936 0 0 0-7.93-6.214h-.083V7.343A7.343 7.343 0 0 0 37.837 0h-7.636a7.343 7.343 0 0 0-7.343 7.343v7.783h-.12a7.936 7.936 0 0 0-7.93 6.214L7.535 59.096a7.717 7.717 0 0 0 7.93 8.898h37.069a7.715 7.715 0 0 0 7.93-8.898h.002ZM28.18 7.837a2.626 2.626 0 0 1 2.625-2.624h6.5a2.626 2.626 0 0 1 2.625 2.626v7.287H28.18V7.838ZM55.114 62.46a3.397 3.397 0 0 1-2.58 1.13H15.469a3.396 3.396 0 0 1-2.579-1.13 2.979 2.979 0 0 1-.728-2.58l7.272-37.756a3.306 3.306 0 0 1 3.306-2.59h.119v6.543a2.625 2.625 0 0 0 2.635 2.625h.07a2.626 2.626 0 0 0 2.617-2.625v-6.544h11.75v6.483a2.626 2.626 0 0 0 5.251 0v-6.483h.083a3.306 3.306 0 0 1 3.306 2.59l7.272 37.757a2.978 2.978 0 0 1-.728 2.58Z"
        />
      </svg>
      Shop
       NYPL
    </a>
    <a
      className="css-847rpw"
      href="https://secure.nypl.org/site/Donation2?7825.donation=form1&df_id=7825&mfc_pref=T&s_src=FRQ18ZZ_TNN"
      onClick={[Function]}
      rel={null}
      target={null}
    >
      DONATE
    </a>
  </div>
</div>
`;
