// Jest Snapshot v1, https://goo.gl/fbAQLP

exports[`HeaderMobileNavButton renders the UI snapshot correctly 1`] = `
<div
  className="css-0"
>
  <div
    data-focus-guard={true}
    style={
      {
        "height": "0px",
        "left": "1px",
        "overflow": "hidden",
        "padding": 0,
        "position": "fixed",
        "top": "1px",
        "width": "1px",
      }
    }
    tabIndex={-1}
  />
  <div
    data-focus-guard={true}
    style={
      {
        "height": "0px",
        "left": "1px",
        "overflow": "hidden",
        "padding": 0,
        "position": "fixed",
        "top": "1px",
        "width": "1px",
      }
    }
    tabIndex={-1}
  />
  <div
    data-focus-lock-disabled="disabled"
    onBlur={[Function]}
    onFocus={[Function]}
  >
    <button
      aria-expanded={null}
      aria-haspopup="true"
      aria-label="Open Navigation"
      className="chakra-button css-8bx9xp"
      id="mobileNav-btn"
      onClick={[Function]}
      type="button"
    >
      <svg
        aria-hidden={true}
        className="chakra-icon css-1vgifmd"
        focusable={false}
        role="img"
        viewBox="0 0 24 24"
        xmlns="http://www.w3.org/2000/svg"
      >
        <title>
          utilityHamburger icon
        </title>
        <path
          clipRule="evenodd"
          d="M3 17C3 16.4477 3.44772 16 4 16H20C20.5523 16 21 16.4477 21 17C21 17.5523 20.5523 18 20 18H4C3.44772 18 3 17.5523 3 17Z"
          fillRule="evenodd"
        />
        <path
          clipRule="evenodd"
          d="M3 12C3 11.4477 3.44772 11 4 11H20C20.5523 11 21 11.4477 21 12C21 12.5523 20.5523 13 20 13H4C3.44772 13 3 12.5523 3 12Z"
          fillRule="evenodd"
        />
        <path
          clipRule="evenodd"
          d="M3 7C3 6.44772 3.44772 6 4 6H20C20.5523 6 21 6.44772 21 7C21 7.55228 20.5523 8 20 8H4C3.44772 8 3 7.55228 3 7Z"
          fillRule="evenodd"
        />
      </svg>
    </button>
  </div>
  <div
    data-focus-guard={true}
    style={
      {
        "height": "0px",
        "left": "1px",
        "overflow": "hidden",
        "padding": 0,
        "position": "fixed",
        "top": "1px",
        "width": "1px",
      }
    }
    tabIndex={-1}
  />
</div>
`;
